// Jest Snapshot v1, https://goo.gl/fbAQLP

exports[`<IconWithText /> IconWithText renders correctly 1`] = `
<View
  style={
    Object {
      "flex": 4,
      "margin": 10,
    }
  }
>
  <View
    style={
      Object {
        "alignItems": "center",
        "flexDirection": "row",
        "justifyContent": "flex-start",
        "paddingLeft": 5,
      }
    }
  >
    <View
      style={
        Object {
          "flex": 1,
          "flexDirection": "row",
          "justifyContent": "center",
        }
      }
    >
      <Text
        accessible={true}
        allowFontScaling={false}
        ellipsizeMode="tail"
        style={
          Array [
            Object {
              "color": undefined,
              "fontSize": 12,
            },
            Object {
              "color": "#38414e",
              "fontSize": 18,
            },
            Object {
              "fontFamily": "FontAwesome",
              "fontStyle": "normal",
              "fontWeight": "normal",
            },
          ]
        }
      >
        ï„©
      </Text>
    </View>
    <Text
      accessible={true}
      allowFontScaling={true}
      ellipsizeMode="tail"
      style={
        Object {
          "color": "#000",
          "flex": 8,
          "fontSize": 18,
          "textAlign": "left",
        }
      }
    >
      Loading Timeout
    </Text>
  </View>
</View>
`;
